🚀 Starting Merico Spot Bar System Locally...
📦 Starting local database via Prisma Dev...
🕯️  Starting the following prisma dev servers:

   - default

🔥 Started prisma dev server default! Listening on ports 51213-51215.


🔌 To connect to your local Prisma Postgres database via HTTP + Prisma ORM
   use the following connection string:

# 📄 .env:

DATABASE_URL="prisma+postgres://localhost:51213/?api_key=eyJkYXRhYmFzZVVybCI6InBvc3RncmVzOi8vcG9zdGdyZXM6cG9zdGdyZXNAbG9jYWxob3N0OjUxMjE0L3RlbXBsYXRlMT9zc2xtb2RlPWRpc2FibGUmY29ubmVjdGlvbl9saW1pdD0xJmNvbm5lY3RfdGltZW91dD0wJm1heF9pZGxlX2Nvbm5lY3Rpb25fbGlmZXRpbWU9MCZwb29sX3RpbWVvdXQ9MCZzaW5nbGVfdXNlX2Nvbm5lY3Rpb25zPXRydWUmc29ja2V0X3RpbWVvdXQ9MCIsIm5hbWUiOiJkZWZhdWx0Iiwic2hhZG93RGF0YWJhc2VVcmwiOiJwb3N0Z3JlczovL3Bvc3RncmVzOnBvc3RncmVzQGxvY2FsaG9zdDo1MTIxNS90ZW1wbGF0ZTE_c3NsbW9kZT1kaXNhYmxlJmNvbm5lY3Rpb25fbGltaXQ9MSZjb25uZWN0X3RpbWVvdXQ9MCZtYXhfaWRsZV9jb25uZWN0aW9uX2xpZmV0aW1lPTAmcG9vbF90aW1lb3V0PTAmc2luZ2xlX3VzZV9jb25uZWN0aW9ucz10cnVlJnNvY2tldF90aW1lb3V0PTAifQ"

✨ The api_key above does not contain any sensitive information.


🔌 To connect to your local Prisma Postgres database via TCP + Prisma ORM
   use the following connection strings:

# 📄 .env:

DATABASE_URL="postgres://postgres:postgres@localhost:51214/template1?sslmode=disable&connection_limit=1&connect_timeout=0&max_idle_connection_lifetime=0&pool_timeout=0&single_use_connections=true&socket_timeout=0"

SHADOW_DATABASE_URL="postgres://postgres:postgres@localhost:51215/template1?sslmode=disable&connection_limit=1&connect_timeout=0&max_idle_connection_lifetime=0&pool_timeout=0&single_use_connections=true&socket_timeout=0"

🐘 You can also use the TCP DATABASE_URL with the pg or postgres.js JavaScript drivers!

   Set the maximum number of connections to 1, connect timeout to 0 and
   idle timeout to the smallest positive value supported.


⚙️  Syncing schema...
Prisma schema loaded from prisma/schema.prisma.
Error: Prisma schema validation - (get-config wasm)
Error code: P1012
error: The datasource property `url` is no longer supported in schema files. Move connection URLs for Migrate to `prisma.config.ts` and pass either `adapter` for a direct database connection or `accelerateUrl` for Accelerate to the `PrismaClient` constructor. See https://pris.ly/d/config-datasource and https://pris.ly/d/prisma7-client-config
  -->  prisma/schema.prisma:11
   | 
10 |   provider = "postgresql"
11 |   url      = env("DATABASE_URL")
   | 

Validation Error Count: 1
[Context: getConfig]

Prisma CLI Version : 7.5.0
